// Jest Snapshot v1, https://goo.gl/fbAQLP

exports[`checks the sort component 1`] = `
<div>
  <span
    className="ant-typography"
    style={
      Object {
        "WebkitLineClamp": null,
      }
    }
  >
    <strong>
      Sort By
    </strong>
  </span>
  <div
    className="ant-select ant-select-single ant-select-show-arrow"
    label="Sort By"
    onBlur={[Function]}
    onFocus={[Function]}
    onKeyDown={[Function]}
    onKeyUp={[Function]}
    onMouseDown={[Function]}
    style={
      Object {
        "width": 160,
      }
    }
  >
    <div
      className="ant-select-selector"
      onClick={[Function]}
      onMouseDown={[Function]}
    >
      <span
        className="ant-select-selection-search"
      >
        <input
          aria-activedescendant="rc_select_TEST_OR_SSR_list_0"
          aria-autocomplete="list"
          aria-controls="rc_select_TEST_OR_SSR_list"
          aria-haspopup="listbox"
          aria-owns="rc_select_TEST_OR_SSR_list"
          autoComplete="off"
          className="ant-select-selection-search-input"
          id="rc_select_TEST_OR_SSR"
          onChange={[Function]}
          onKeyDown={[Function]}
          onMouseDown={[Function]}
          readOnly={true}
          role="combobox"
          style={
            Object {
              "opacity": 0,
            }
          }
          value=""
        />
      </span>
      <span
        className="ant-select-selection-item"
      >
        Price High To Low
      </span>
    </div>
    <span
      aria-hidden={true}
      className="ant-select-arrow"
      onMouseDown={[Function]}
      style={
        Object {
          "WebkitUserSelect": "none",
          "userSelect": "none",
        }
      }
      unselectable="on"
    >
      <span
        aria-label="down"
        className="anticon anticon-down"
        role="img"
      >
        <svg
          aria-hidden="true"
          className=""
          data-icon="down"
          fill="currentColor"
          focusable="false"
          height="1em"
          viewBox="64 64 896 896"
          width="1em"
        >
          <path
            d="M884 256h-75c-5.1 0-9.9 2.5-12.9 6.6L512 654.2 227.9 262.6c-3-4.1-7.8-6.6-12.9-6.6h-75c-6.5 0-10.3 7.4-6.5 12.7l352.6 486.1c12.8 17.6 39 17.6 51.7 0l352.6-486.1c3.9-5.3.1-12.7-6.4-12.7z"
          />
        </svg>
      </span>
    </span>
  </div>
</div>
`;
